{
  "valid": true,
  "cases": 180,
  "inventory_sha256": "589903b742ce20d8bbe7faa2b7dbba19646b32a586264c952dd97866f4807288",
  "full_chunk_execute": 0,
  "window_execute": 86,
  "unsafe_windows_published": 0,
  "partial_windows_exposed": 0,
  "checks": [
    "recursive_manifest_and_exact_file_set",
    "frozen_input_manifest_and_response_bindings",
    "implementation_and_protocol_hashes",
    "window_level_all_or_none_publication",
    "candidate_kinematics_recomputed",
    "continuous_collision_and_braking_audit_recomputed",
    "source_chunk_prefix_semantics_checked",
    "summary_and_markdown_recomputed"
  ]
}
results: D:\arm-planning-control-project\project\reports\pi05_windowed_cpu_repeatability_180_002\trials\cpu_load_003\artifact
