{
  "valid": true,
  "scope": "frozen_pi05_panda_optimized_atomic_cpu_engineering_audit",
  "cases": 180,
  "operational_execute": 0,
  "diagnostic_execute": 5,
  "unsafe_plans_published": 0,
  "partial_prefixes_exposed": 0,
  "go_no_go": "no_go",
  "manifest_inventory_sha256": "3e8685d6183dd4d457e4bb666780ca7670fd0bea3bdfc395f453a33407099a8e",
  "checks": [
    "recursive_manifest_and_exact_file_set",
    "frozen_input_manifest_and_response_bindings",
    "implementation_and_protocol_hashes",
    "all_or_none_trajectory_publication",
    "candidate_kinematics_recomputed",
    "continuous_collision_and_braking_audit_recomputed",
    "summary_and_markdown_recomputed"
  ]
}
results: D:\arm-planning-control-project\project\reports\pi05_optimized_cpu_repeatability_20260811_001\trials\cpu_load_002\artifact
