{
  "valid": true,
  "cases": 180,
  "inventory_sha256": "49d96e91989583093189c58d6971e5b1af75f4fa37cd10a41705e112651dfc25",
  "full_chunk_execute": 0,
  "window_execute": 89,
  "unsafe_windows_published": 0,
  "partial_windows_exposed": 0,
  "checks": [
    "recursive_manifest_and_exact_file_set",
    "frozen_input_manifest_and_response_bindings",
    "implementation_and_protocol_hashes",
    "window_level_all_or_none_publication",
    "candidate_kinematics_recomputed",
    "continuous_collision_and_braking_audit_recomputed",
    "source_chunk_prefix_semantics_checked",
    "summary_and_markdown_recomputed"
  ]
}
results: D:\arm-planning-control-project\project\reports\pi05_windowed_cpu_repeatability_180_002\trials\cpu_load_001\artifact
