Uninstalled 1 package in 0.52ms
Installed 40 packages in 108ms
INFO:datasets:PyTorch version 2.7.1 available.
INFO:datasets:Polars version 1.30.0 available.
INFO:datasets:JAX version 0.5.3 available.
INFO:root:Resolving checkpoint gs://openpi-assets/checkpoints/pi05_libero
INFO:root:Hashing checkpoint content at /openpi_assets/openpi-assets/checkpoints/pi05_libero
INFO:root:Loading policy config=pi05_libero
INFO:root:Loading model...
INFO:2026-08-04 11:23:48,447:jax._src.xla_bridge:925: Unable to initialize backend 'rocm': module 'jaxlib.xla_extension' has no attribute 'GpuAllocatorConfig'
INFO:jax._src.xla_bridge:Unable to initialize backend 'rocm': module 'jaxlib.xla_extension' has no attribute 'GpuAllocatorConfig'
INFO:2026-08-04 11:23:48,447:jax._src.xla_bridge:925: Unable to initialize backend 'tpu': INTERNAL: Failed to open libtpu.so: libtpu.so: cannot open shared object file: No such file or directory
INFO:jax._src.xla_bridge:Unable to initialize backend 'tpu': INTERNAL: Failed to open libtpu.so: libtpu.so: cannot open shared object file: No such file or directory
INFO:absl:orbax-checkpoint version: 0.11.13
INFO:absl:Created BasePyTreeCheckpointHandler: use_ocdbt=True, use_zarr3=False, pytree_metadata_options=PyTreeMetadataOptions(support_rich_types=False), array_metadata_store=<orbax.checkpoint._src.metadata.array_metadata_store.Store object at 0x7f1057f354d0>
INFO:absl:Restoring checkpoint from /openpi_assets/openpi-assets/checkpoints/pi05_libero/params.
INFO:absl:[thread=MainThread] Failed to get flag value for EXPERIMENTAL_ORBAX_USE_DISTRIBUTED_PROCESS_ID.
INFO:absl:[process=0] /jax/checkpoint/read/bytes_per_sec: 1.1 GiB/s (total bytes: 6.2 GiB) (time elapsed: 5 seconds) (per-host)
INFO:absl:Finished restoring checkpoint in 5.58 seconds from /openpi_assets/openpi-assets/checkpoints/pi05_libero/params.
INFO:root:Norm stats not found in /app/assets/pi05_libero/physical-intelligence/libero, skipping.
INFO:root:Loaded norm stats from /openpi_assets/openpi-assets/checkpoints/pi05_libero/assets/physical-intelligence/libero
INFO:root:Serving attested policy checkpoint_sha256=9cd1b00d402cc0447454dad6054dcc6f019b53e498469f209d2b749d4487e1d5
INFO:websockets.server:server listening on 0.0.0.0:8000
ERROR:websockets.server:opening handshake failed
Traceback (most recent call last):
  File "/.venv/lib/python3.11/site-packages/websockets/http11.py", line 138, in parse
    request_line = yield from parse_line(read_line)
                   ^^^^^^^^^^^^^^^^^^^^^^^^^^^^^^^^
  File "/.venv/lib/python3.11/site-packages/websockets/http11.py", line 309, in parse_line
    line = yield from read_line(MAX_LINE_LENGTH)
           ^^^^^^^^^^^^^^^^^^^^^^^^^^^^^^^^^^^^^
  File "/.venv/lib/python3.11/site-packages/websockets/streams.py", line 46, in read_line
    raise EOFError(f"stream ends after {p} bytes, before end of line")
EOFError: stream ends after 0 bytes, before end of line

The above exception was the direct cause of the following exception:

Traceback (most recent call last):
  File "/.venv/lib/python3.11/site-packages/websockets/server.py", line 545, in parse
    request = yield from Request.parse(
              ^^^^^^^^^^^^^^^^^^^^^^^^^
  File "/.venv/lib/python3.11/site-packages/websockets/http11.py", line 140, in parse
    raise EOFError("connection closed while reading HTTP request line") from exc
EOFError: connection closed while reading HTTP request line

The above exception was the direct cause of the following exception:

Traceback (most recent call last):
  File "/.venv/lib/python3.11/site-packages/websockets/asyncio/server.py", line 356, in conn_handler
    await connection.handshake(
  File "/.venv/lib/python3.11/site-packages/websockets/asyncio/server.py", line 207, in handshake
    raise self.protocol.handshake_exc
websockets.exceptions.InvalidMessage: did not receive a valid HTTP request
INFO:websockets.server:connection open
INFO:openpi.serving.websocket_policy_server:Connection from ('127.0.0.1', 52124) opened
INFO:openpi.serving.websocket_policy_server:Connection from ('127.0.0.1', 52124) closed
